[31merror:[0m rename a.txt b.txt: operation not permitted
