skipping non existent source file at row 0: test_file.txt
