[{"status":"unchanged","base_dir":"","source":"macos_update_notes_2023.txt","target":"macos_update_notes_2023.txt","is_dir":false},{"status":"ok","base_dir":"","source":"file with spaces.txt","target":"file_with_underscores.txt","is_dir":false},{"status":"overwriting","base_dir":"","source":"file1.txt","target":"existing_file.txt","is_dir":false},{"status":"ignored","base_dir":"","source":"nonexistent_file.txt","target":"file_with_underscores.txt","is_dir":false}]