[32mdry run:[0m commit the above changes with the -x/--exec flag
