*â€”â€”â€”â€”â€”â€”â€”â€”â€”â€”â€”â€”â€”â€”â€”â€”â€”â€”â€”â€”â€”â€”â€”â€”â€”â€”â€”â€”â€”*â€”â€”â€”â€”â€”â€”â€”â€”â€”â€”â€”â€”â€”â€”â€”â€”â€”â€”â€”â€”â€”â€”â€”â€”â€”â€”â€”â€”â€”*â€”â€”â€”â€”â€”â€”â€”â€”â€”â€”â€”â€”â€”*
| [1;32m         ORIGINAL          [0m | [1;32m          RENAMED          [0m | [1;32m  STATUS   [0m |
*â€”â€”â€”â€”â€”â€”â€”â€”â€”â€”â€”â€”â€”â€”â€”â€”â€”â€”â€”â€”â€”â€”â€”â€”â€”â€”â€”â€”â€”*â€”â€”â€”â€”â€”â€”â€”â€”â€”â€”â€”â€”â€”â€”â€”â€”â€”â€”â€”â€”â€”â€”â€”â€”â€”â€”â€”â€”â€”*â€”â€”â€”â€”â€”â€”â€”â€”â€”â€”â€”â€”â€”*
| macos_update_notes_2023.txt | macos_update_notes_2023.txt | [33munchanged[0m   |
| file with spaces.txt        | file_with_underscores.txt   | [32mok[0m          |
| file1.txt                   | existing_file.txt           | [33moverwriting[0m |
| nonexistent_file.txt        | file_with_underscores.txt   | [33mignored[0m     |
*â€”â€”â€”â€”â€”â€”â€”â€”â€”â€”â€”â€”â€”â€”â€”â€”â€”â€”â€”â€”â€”â€”â€”â€”â€”â€”â€”â€”â€”*â€”â€”â€”â€”â€”â€”â€”â€”â€”â€”â€”â€”â€”â€”â€”â€”â€”â€”â€”â€”â€”â€”â€”â€”â€”â€”â€”â€”â€”*â€”â€”â€”â€”â€”â€”â€”â€”â€”â€”â€”â€”â€”*
