[31mbackup file cleanup failed[0m: file not found
