[{"status":"","base_dir":"","target_dir":"","source":"File.txt","target":"myFile.txt","is_dir":false}]