f2 version v1.9.1
https://github.com/ayoisaiah/f2/releases/v1.9.1